// Jest Snapshot v1, https://goo.gl/fbAQLP

exports[`<App/> matches snapshot 1`] = `
<ContextProvider>
  <div
    className="App"
  >
    <ComponentWithContext />
  </div>
</ContextProvider>
`;
